// Jest Snapshot v1, https://goo.gl/fbAQLP

exports[`检测翻页组件 匹配快照 1`] = `
ShallowWrapper {
  Symbol(enzyme.__root__): [Circular],
  Symbol(enzyme.__unrendered__): <Footer />,
  Symbol(enzyme.__renderer__): Object {
    "batchedUpdates": [Function],
    "checkPropTypes": [Function],
    "getNode": [Function],
    "render": [Function],
    "simulateError": [Function],
    "simulateEvent": [Function],
    "unmount": [Function],
  },
  Symbol(enzyme.__node__): Object {
    "instance": null,
    "key": undefined,
    "nodeType": "host",
    "props": Object {
      "children": <div
        className="footer-page-turning col-12 row"
      >
        <div
          className="col-4 text-left"
        >
          <a
            href="#"
          >
            上一页
          </a>
        </div>
        <div
          className="col-4 text-center"
        >
          <a
            href="#"
          >
            归档
          </a>
        </div>
        <div
          className="col-4 text-right"
        >
          <a
            href="#"
          >
            下一页
          </a>
        </div>
      </div>,
      "className": "footer-container col-12 row justify-content-between",
    },
    "ref": null,
    "rendered": Object {
      "instance": null,
      "key": undefined,
      "nodeType": "host",
      "props": Object {
        "children": Array [
          <div
            className="col-4 text-left"
          >
            <a
              href="#"
            >
              上一页
            </a>
          </div>,
          <div
            className="col-4 text-center"
          >
            <a
              href="#"
            >
              归档
            </a>
          </div>,
          <div
            className="col-4 text-right"
          >
            <a
              href="#"
            >
              下一页
            </a>
          </div>,
        ],
        "className": "footer-page-turning col-12 row",
      },
      "ref": null,
      "rendered": Array [
        Object {
          "instance": null,
          "key": undefined,
          "nodeType": "host",
          "props": Object {
            "children": <a
              href="#"
            >
              上一页
            </a>,
            "className": "col-4 text-left",
          },
          "ref": null,
          "rendered": Object {
            "instance": null,
            "key": undefined,
            "nodeType": "host",
            "props": Object {
              "children": "上一页",
              "href": "#",
            },
            "ref": null,
            "rendered": "上一页",
            "type": "a",
          },
          "type": "div",
        },
        Object {
          "instance": null,
          "key": undefined,
          "nodeType": "host",
          "props": Object {
            "children": <a
              href="#"
            >
              归档
            </a>,
            "className": "col-4 text-center",
          },
          "ref": null,
          "rendered": Object {
            "instance": null,
            "key": undefined,
            "nodeType": "host",
            "props": Object {
              "children": "归档",
              "href": "#",
            },
            "ref": null,
            "rendered": "归档",
            "type": "a",
          },
          "type": "div",
        },
        Object {
          "instance": null,
          "key": undefined,
          "nodeType": "host",
          "props": Object {
            "children": <a
              href="#"
            >
              下一页
            </a>,
            "className": "col-4 text-right",
          },
          "ref": null,
          "rendered": Object {
            "instance": null,
            "key": undefined,
            "nodeType": "host",
            "props": Object {
              "children": "下一页",
              "href": "#",
            },
            "ref": null,
            "rendered": "下一页",
            "type": "a",
          },
          "type": "div",
        },
      ],
      "type": "div",
    },
    "type": "div",
  },
  Symbol(enzyme.__nodes__): Array [
    Object {
      "instance": null,
      "key": undefined,
      "nodeType": "host",
      "props": Object {
        "children": <div
          className="footer-page-turning col-12 row"
        >
          <div
            className="col-4 text-left"
          >
            <a
              href="#"
            >
              上一页
            </a>
          </div>
          <div
            className="col-4 text-center"
          >
            <a
              href="#"
            >
              归档
            </a>
          </div>
          <div
            className="col-4 text-right"
          >
            <a
              href="#"
            >
              下一页
            </a>
          </div>
        </div>,
        "className": "footer-container col-12 row justify-content-between",
      },
      "ref": null,
      "rendered": Object {
        "instance": null,
        "key": undefined,
        "nodeType": "host",
        "props": Object {
          "children": Array [
            <div
              className="col-4 text-left"
            >
              <a
                href="#"
              >
                上一页
              </a>
            </div>,
            <div
              className="col-4 text-center"
            >
              <a
                href="#"
              >
                归档
              </a>
            </div>,
            <div
              className="col-4 text-right"
            >
              <a
                href="#"
              >
                下一页
              </a>
            </div>,
          ],
          "className": "footer-page-turning col-12 row",
        },
        "ref": null,
        "rendered": Array [
          Object {
            "instance": null,
            "key": undefined,
            "nodeType": "host",
            "props": Object {
              "children": <a
                href="#"
              >
                上一页
              </a>,
              "className": "col-4 text-left",
            },
            "ref": null,
            "rendered": Object {
              "instance": null,
              "key": undefined,
              "nodeType": "host",
              "props": Object {
                "children": "上一页",
                "href": "#",
              },
              "ref": null,
              "rendered": "上一页",
              "type": "a",
            },
            "type": "div",
          },
          Object {
            "instance": null,
            "key": undefined,
            "nodeType": "host",
            "props": Object {
              "children": <a
                href="#"
              >
                归档
              </a>,
              "className": "col-4 text-center",
            },
            "ref": null,
            "rendered": Object {
              "instance": null,
              "key": undefined,
              "nodeType": "host",
              "props": Object {
                "children": "归档",
                "href": "#",
              },
              "ref": null,
              "rendered": "归档",
              "type": "a",
            },
            "type": "div",
          },
          Object {
            "instance": null,
            "key": undefined,
            "nodeType": "host",
            "props": Object {
              "children": <a
                href="#"
              >
                下一页
              </a>,
              "className": "col-4 text-right",
            },
            "ref": null,
            "rendered": Object {
              "instance": null,
              "key": undefined,
              "nodeType": "host",
              "props": Object {
                "children": "下一页",
                "href": "#",
              },
              "ref": null,
              "rendered": "下一页",
              "type": "a",
            },
            "type": "div",
          },
        ],
        "type": "div",
      },
      "type": "div",
    },
  ],
  Symbol(enzyme.__options__): Object {
    "adapter": ReactSixteenAdapter {
      "options": Object {
        "enableComponentDidUpdateOnSetState": true,
        "legacyContextMode": "parent",
        "lifecycles": Object {
          "componentDidUpdate": Object {
            "onSetState": true,
          },
          "getChildContext": Object {
            "calledByRenderer": false,
          },
          "getDerivedStateFromError": true,
          "getDerivedStateFromProps": Object {
            "hasShouldComponentUpdateBug": false,
          },
          "getSnapshotBeforeUpdate": true,
          "setState": Object {
            "skipsComponentDidUpdateOnNullish": true,
          },
        },
      },
    },
  },
  Symbol(enzyme.__childContext__): null,
}
`;
